// Jest Snapshot v1, https://goo.gl/fbAQLP

exports[`Banner component matches snapshot 1`] = `
<DocumentFragment>
  <button
    class="root-0-2-1"
    type="button"
  >
    <div
      class="root-0-2-7"
      style="--blur: 0px;"
    >
      <span
        style="height: 0px; width: 0px;"
      />
      <span
        style="height: 0px; width: 0px;"
      />
      <span
        style="height: 0px; width: 0px;"
      />
    </div>
    <h2
      class="title-0-2-2"
    >
      # Share with others and earn
    </h2>
    <p
      class="text-0-2-3"
    >
      Place an advertisement on any category and get additional income right now.
    </p>
  </button>
</DocumentFragment>
`;
