// Jest Snapshot v1, https://goo.gl/fbAQLP

exports[`About component matches snapshot 1`] = `
<DocumentFragment>
  <div
    class="root-0-2-8 box-0-2-2"
  >
    <ins
      class="adsbygoogle"
      data-ad-client="ca-pub-2424155820333209"
      data-ad-format="auto"
      data-ad-slot="2195671586"
      data-full-width-responsive="true"
      style="display: block;"
    />
  </div>
  <div
    class="wrp-0-2-1"
  >
    <div
      class="slick-slider slider-0-2-3 slick-initialized"
      dir="ltr"
    >
      <button
        class="slick-arrow slick-prev"
        data-role="none"
        style="display: block;"
        type="button"
      >
         Previous
      </button>
      <div
        class="slick-list"
      >
        <div
          class="slick-track"
          style="opacity: 1; transform: translate3d(0px, 0px, 0px);"
        >
          <div
            aria-hidden="true"
            class="slick-slide slick-cloned"
            data-index="-1"
            style="width: 0px;"
            tabindex="-1"
          />
          <div
            aria-hidden="false"
            class="slick-slide slick-active slick-current"
            data-index="0"
            style="outline: none; width: 0px;"
            tabindex="-1"
          >
            <div>
              <picture
                class="img-0-2-4"
                style="width: 100%; display: inline-block;"
                tabindex="-1"
              >
                <source
                  media="(max-width: 640px)"
                  srcset="/about/camera640.jpeg"
                />
                <source
                  media="(max-width: 1280px)"
                  srcset="/about/camera1280.jpeg"
                />
                <source
                  media="(max-width: 1920px)"
                  srcset="/about/camera1920.jpeg"
                />
                <img
                  alt="phoqer"
                  class="img-0-2-4"
                  src="/about/camera.jpeg"
                />
              </picture>
            </div>
          </div>
          <div
            aria-hidden="true"
            class="slick-slide"
            data-index="1"
            style="outline: none; width: 0px;"
            tabindex="-1"
          />
          <div
            aria-hidden="true"
            class="slick-slide"
            data-index="2"
            style="outline: none; width: 0px;"
            tabindex="-1"
          />
          <div
            aria-hidden="true"
            class="slick-slide"
            data-index="3"
            style="outline: none; width: 0px;"
            tabindex="-1"
          />
          <div
            aria-hidden="true"
            class="slick-slide"
            data-index="4"
            style="outline: none; width: 0px;"
            tabindex="-1"
          />
          <div
            aria-hidden="true"
            class="slick-slide"
            data-index="5"
            style="outline: none; width: 0px;"
            tabindex="-1"
          />
          <div
            aria-hidden="true"
            class="slick-slide slick-cloned"
            data-index="6"
            style="width: 0px;"
            tabindex="-1"
          >
            <div>
              <picture
                class="img-0-2-4"
                style="width: 100%; display: inline-block;"
                tabindex="-1"
              >
                <source
                  media="(max-width: 640px)"
                  srcset="/about/camera640.jpeg"
                />
                <source
                  media="(max-width: 1280px)"
                  srcset="/about/camera1280.jpeg"
                />
                <source
                  media="(max-width: 1920px)"
                  srcset="/about/camera1920.jpeg"
                />
                <img
                  alt="phoqer"
                  class="img-0-2-4"
                  src="/about/camera.jpeg"
                />
              </picture>
            </div>
          </div>
          <div
            aria-hidden="true"
            class="slick-slide slick-cloned"
            data-index="7"
            style="width: 0px;"
            tabindex="-1"
          />
          <div
            aria-hidden="true"
            class="slick-slide slick-cloned"
            data-index="8"
            style="width: 0px;"
            tabindex="-1"
          />
          <div
            aria-hidden="true"
            class="slick-slide slick-cloned"
            data-index="9"
            style="width: 0px;"
            tabindex="-1"
          />
          <div
            aria-hidden="true"
            class="slick-slide slick-cloned"
            data-index="10"
            style="width: 0px;"
            tabindex="-1"
          />
          <div
            aria-hidden="true"
            class="slick-slide slick-cloned"
            data-index="11"
            style="width: 0px;"
            tabindex="-1"
          />
        </div>
      </div>
      <button
        class="slick-arrow slick-next"
        data-role="none"
        style="display: block;"
        type="button"
      >
         Next
      </button>
    </div>
    <h2
      class="title-0-2-5"
    >
      phoqer
    </h2>
    <div
      class="content-0-2-6"
    >
      <p
        class="text-0-2-7"
      >
        You become what you surround yourself with. We fully agree with this phrase. The things we buy make a person. Sometimes one simple thing can make us truly happy.
      </p>
      <p
        class="text-0-2-7"
      >
        Therefore, we have collected a variety of products on our website, so that everyone can find what they want. Easy. Quickly. At a reasonable price and good quality.
      </p>
      <p
        class="text-0-2-7"
      >
        We wanted to create something better than an ordinary supermarket, where we walk around with a cart among the counters, hoping to find a specific thing. Online shopping saves us from many inconveniences. Here you do not have to stand in line at the checkout, and in the end find out that the payment is only in cash. Your child will not get lost somewhere in the sections with toys, and you will not have to tell the consultant that you wanted to "just look".
      </p>
    </div>
  </div>
</DocumentFragment>
`;
