// Jest Snapshot v1, https://goo.gl/fbAQLP

exports[`Favorite component match snapshot 1`] = `<DocumentFragment />`;
