// Jest Snapshot v1, https://goo.gl/fbAQLP

exports[`ForgotPass component match snapshot 1`] = `
<DocumentFragment>
  <h1
    class="title-0-2-1"
  >
    Reset password. PHOQER is an online platform that brings people together to share goods and services. PHOQER - here you will find what you are looking for! By clicking the Submit button, you will be able to place offers on any topic easily and quickly.
  </h1>
  <div
    class="backdrop-0-2-11"
  />
  <header
    class="header-0-2-5"
    tabindex="0"
  >
    <div
      class="container-0-2-12"
    >
      <div
        class="flex-0-2-7"
        tabindex="0"
      >
        <div
          class="wrp-0-2-8"
        >
          <a
            class="logo-0-2-13"
            href="/"
          >
            <svg
              class="img-0-2-16"
              fill="none"
              viewBox="0 0 148 39"
              xmlns="http://www.w3.org/2000/svg"
            >
              <path
                d="M12.3676 8.6C14.3516 8.6 16.069 8.93067 17.5196 9.592C18.9916 10.2533 20.1223 11.192 20.9116 12.408C21.701 13.624 22.0956 15.064 22.0956 16.728C22.0956 18.3707 21.701 19.8107 20.9116 21.048C20.1223 22.264 18.9916 23.2027 17.5196 23.864C16.069 24.504 14.3516 24.824 12.3676 24.824H7.85563V31H2.67163V8.6H12.3676ZM12.0796 20.6C13.637 20.6 14.821 20.2693 15.6316 19.608C16.4423 18.9253 16.8476 17.9653 16.8476 16.728C16.8476 15.4693 16.4423 14.5093 15.6316 13.848C14.821 13.1653 13.637 12.824 12.0796 12.824H7.85563V20.6H12.0796ZM46.3406 8.6V31H41.1566V21.816H30.9806V31H25.7966V8.6H30.9806V17.432H41.1566V8.6H46.3406ZM62.4884 31.384C60.163 31.384 58.0617 30.8827 56.1844 29.88C54.3284 28.8773 52.867 27.5013 51.8004 25.752C50.755 23.9813 50.2324 21.9973 50.2324 19.8C50.2324 17.6027 50.755 15.6293 51.8004 13.88C52.867 12.1093 54.3284 10.7227 56.1844 9.72C58.0617 8.71733 60.163 8.216 62.4884 8.216C64.8137 8.216 66.9044 8.71733 68.7604 9.72C70.6164 10.7227 72.0777 12.1093 73.1444 13.88C74.211 15.6293 74.7444 17.6027 74.7444 19.8C74.7444 21.9973 74.211 23.9813 73.1444 25.752C72.0777 27.5013 70.6164 28.8773 68.7604 29.88C66.9044 30.8827 64.8137 31.384 62.4884 31.384ZM62.4884 26.968C63.811 26.968 65.0057 26.6693 66.0724 26.072C67.139 25.4533 67.971 24.6 68.5684 23.512C69.187 22.424 69.4964 21.1867 69.4964 19.8C69.4964 18.4133 69.187 17.176 68.5684 16.088C67.971 15 67.139 14.1573 66.0724 13.56C65.0057 12.9413 63.811 12.632 62.4884 12.632C61.1657 12.632 59.971 12.9413 58.9044 13.56C57.8377 14.1573 56.995 15 56.3764 16.088C55.779 17.176 55.4804 18.4133 55.4804 19.8C55.4804 21.1867 55.779 22.424 56.3764 23.512C56.995 24.6 57.8377 25.4533 58.9044 26.072C59.971 26.6693 61.1657 26.968 62.4884 26.968ZM102.864 33.4C102.139 34.296 101.254 34.9787 100.208 35.448C99.1844 35.9173 98.0537 36.152 96.8164 36.152C95.1524 36.152 93.6484 35.7893 92.3044 35.064C90.9604 34.36 89.4244 33.1013 87.6964 31.288C85.6697 31.032 83.8564 30.3813 82.2564 29.336C80.6777 28.2907 79.4404 26.9467 78.5444 25.304C77.6697 23.64 77.2324 21.8053 77.2324 19.8C77.2324 17.6027 77.755 15.6293 78.8004 13.88C79.867 12.1093 81.3284 10.7227 83.1844 9.72C85.0617 8.71733 87.163 8.216 89.4884 8.216C91.8137 8.216 93.9044 8.71733 95.7604 9.72C97.6164 10.7227 99.0777 12.1093 100.144 13.88C101.211 15.6293 101.744 17.6027 101.744 19.8C101.744 22.4027 101.008 24.6853 99.5364 26.648C98.0857 28.6107 96.155 29.976 93.7444 30.744C94.2777 31.2987 94.7897 31.6933 95.2804 31.928C95.7924 32.184 96.3364 32.312 96.9124 32.312C98.299 32.312 99.515 31.7573 100.56 30.648L102.864 33.4ZM82.4804 19.8C82.4804 21.1867 82.779 22.424 83.3764 23.512C83.995 24.6 84.8377 25.4533 85.9044 26.072C86.971 26.6693 88.1657 26.968 89.4884 26.968C90.811 26.968 92.0057 26.6693 93.0724 26.072C94.139 25.4533 94.971 24.6 95.5684 23.512C96.187 22.424 96.4964 21.1867 96.4964 19.8C96.4964 18.4133 96.187 17.176 95.5684 16.088C94.971 15 94.139 14.1573 93.0724 13.56C92.0057 12.9413 90.811 12.632 89.4884 12.632C88.1657 12.632 86.971 12.9413 85.9044 13.56C84.8377 14.1573 83.995 15 83.3764 16.088C82.779 17.176 82.4804 18.4133 82.4804 19.8ZM122.984 26.84V31H105.64V8.6H122.568V12.76H110.792V17.624H121.192V21.656H110.792V26.84H122.984ZM141.381 31L137.061 24.76H136.805H132.293V31H127.109V8.6H136.805C138.789 8.6 140.506 8.93067 141.957 9.592C143.429 10.2533 144.56 11.192 145.349 12.408C146.138 13.624 146.533 15.064 146.533 16.728C146.533 18.392 146.128 19.832 145.317 21.048C144.528 22.2427 143.397 23.16 141.925 23.8L146.949 31H141.381ZM141.285 16.728C141.285 15.4693 140.88 14.5093 140.069 13.848C139.258 13.1653 138.074 12.824 136.517 12.824H132.293V20.632H136.517C138.074 20.632 139.258 20.2907 140.069 19.608C140.88 18.9253 141.285 17.9653 141.285 16.728Z"
              />
            </svg>
            <small
              class="label-0-2-14"
            >
              alpha
            </small>
          </a>
        </div>
        <div
          class="wrp-0-2-8"
        >
          <div
            class="wrp-0-2-17"
          >
            <p
              class="text-0-2-18"
            >
              EN
            </p>
            <div
              class="wrp-0-2-20 lang-0-2-19"
            >
              <button
                class="inner-0-2-21"
                style="height: 3.5rem;"
                type="button"
              >
                <svg
                  aria-hidden="true"
                  class="svg-inline--fa fa-globe-americas fa-w-16 "
                  data-icon="globe-americas"
                  data-prefix="fas"
                  focusable="false"
                  role="img"
                  viewBox="0 0 496 512"
                  xmlns="http://www.w3.org/2000/svg"
                >
                  <path
                    d="M248 8C111.03 8 0 119.03 0 256s111.03 248 248 248 248-111.03 248-248S384.97 8 248 8zm82.29 357.6c-3.9 3.88-7.99 7.95-11.31 11.28-2.99 3-5.1 6.7-6.17 10.71-1.51 5.66-2.73 11.38-4.77 16.87l-17.39 46.85c-13.76 3-28 4.69-42.65 4.69v-27.38c1.69-12.62-7.64-36.26-22.63-51.25-6-6-9.37-14.14-9.37-22.63v-32.01c0-11.64-6.27-22.34-16.46-27.97-14.37-7.95-34.81-19.06-48.81-26.11-11.48-5.78-22.1-13.14-31.65-21.75l-.8-.72a114.792 114.792 0 0 1-18.06-20.74c-9.38-13.77-24.66-36.42-34.59-51.14 20.47-45.5 57.36-82.04 103.2-101.89l24.01 12.01C203.48 89.74 216 82.01 216 70.11v-11.3c7.99-1.29 16.12-2.11 24.39-2.42l28.3 28.3c6.25 6.25 6.25 16.38 0 22.63L264 112l-10.34 10.34c-3.12 3.12-3.12 8.19 0 11.31l4.69 4.69c3.12 3.12 3.12 8.19 0 11.31l-8 8a8.008 8.008 0 0 1-5.66 2.34h-8.99c-2.08 0-4.08.81-5.58 2.27l-9.92 9.65a8.008 8.008 0 0 0-1.58 9.31l15.59 31.19c2.66 5.32-1.21 11.58-7.15 11.58h-5.64c-1.93 0-3.79-.7-5.24-1.96l-9.28-8.06a16.017 16.017 0 0 0-15.55-3.1l-31.17 10.39a11.95 11.95 0 0 0-8.17 11.34c0 4.53 2.56 8.66 6.61 10.69l11.08 5.54c9.41 4.71 19.79 7.16 30.31 7.16s22.59 27.29 32 32h66.75c8.49 0 16.62 3.37 22.63 9.37l13.69 13.69a30.503 30.503 0 0 1 8.93 21.57 46.536 46.536 0 0 1-13.72 32.98zM417 274.25c-5.79-1.45-10.84-5-14.15-9.97l-17.98-26.97a23.97 23.97 0 0 1 0-26.62l19.59-29.38c2.32-3.47 5.5-6.29 9.24-8.15l12.98-6.49C440.2 193.59 448 223.87 448 256c0 8.67-.74 17.16-1.82 25.54L417 274.25z"
                    fill="currentColor"
                  />
                </svg>
              </button>
            </div>
          </div>
          <div
            class="root-0-2-32"
          >
            <button
              class="btn-0-2-33"
              type="button"
            >
              Login
            </button>
            <button
              class="btn-0-2-33"
              type="button"
            >
              Join Phoqer
            </button>
          </div>
        </div>
      </div>
    </div>
  </header>
  <main
    class="main-0-2-34"
  >
    <div
      class="container-0-2-12"
    >
      <div
        class="root-0-2-2"
      >
        <img
          alt=""
          class="img-0-2-4"
          src="/login.jpg"
        />
        <div
          class="form-0-2-3"
        >
          <form
            action="#"
            method="post"
          >
            <h2
              class="title-0-2-35"
            >
              Welcome!
            </h2>
            <div
              class="wrp-0-2-36"
            >
              <div
                class="icon-0-2-38"
              >
                <svg
                  aria-hidden="true"
                  class="svg-inline--fa fa-user-circle fa-w-16 "
                  data-icon="user-circle"
                  data-prefix="far"
                  focusable="false"
                  role="img"
                  viewBox="0 0 496 512"
                  xmlns="http://www.w3.org/2000/svg"
                >
                  <path
                    d="M248 104c-53 0-96 43-96 96s43 96 96 96 96-43 96-96-43-96-96-96zm0 144c-26.5 0-48-21.5-48-48s21.5-48 48-48 48 21.5 48 48-21.5 48-48 48zm0-240C111 8 0 119 0 256s111 248 248 248 248-111 248-248S385 8 248 8zm0 448c-49.7 0-95.1-18.3-130.1-48.4 14.9-23 40.4-38.6 69.6-39.5 20.8 6.4 40.6 9.6 60.5 9.6s39.7-3.1 60.5-9.6c29.2 1 54.7 16.5 69.6 39.5-35 30.1-80.4 48.4-130.1 48.4zm162.7-84.1c-24.4-31.4-62.1-51.9-105.1-51.9-10.2 0-26 9.6-57.6 9.6-31.5 0-47.4-9.6-57.6-9.6-42.9 0-80.6 20.5-105.1 51.9C61.9 339.2 48 299.2 48 256c0-110.3 89.7-200 200-200s200 89.7 200 200c0 43.2-13.9 83.2-37.3 115.9z"
                    fill="currentColor"
                  />
                </svg>
              </div>
              <div
                class="wrp-0-2-42"
              >
                <div
                  class="inner-0-2-43"
                >
                  <input
                    autocomplete="email"
                    class="input-0-2-44 input-0-2-37"
                    name="email"
                    placeholder=""
                    type="email"
                    value=""
                  />
                </div>
              </div>
            </div>
            <button
              class="btn-0-2-53 btn-0-2-40"
              type="submit"
            >
              <span>
                Restore password
              </span>
            </button>
            <a
              class="link-0-2-39"
              href="/auth/login"
            >
              Login
            </a>
            <p
              class="text-0-2-41"
            >
              or
            </p>
            <a
              class="link-0-2-39"
              href="/auth/join"
            >
              Join Phoqer
            </a>
          </form>
        </div>
      </div>
    </div>
  </main>
  <footer
    class="footer-0-2-57"
  >
    <div
      class="container-0-2-12"
    >
      <div
        class="logo-0-2-13"
      >
        <svg
          class="img-0-2-16"
          fill="none"
          viewBox="0 0 148 39"
          xmlns="http://www.w3.org/2000/svg"
        >
          <path
            d="M12.3676 8.6C14.3516 8.6 16.069 8.93067 17.5196 9.592C18.9916 10.2533 20.1223 11.192 20.9116 12.408C21.701 13.624 22.0956 15.064 22.0956 16.728C22.0956 18.3707 21.701 19.8107 20.9116 21.048C20.1223 22.264 18.9916 23.2027 17.5196 23.864C16.069 24.504 14.3516 24.824 12.3676 24.824H7.85563V31H2.67163V8.6H12.3676ZM12.0796 20.6C13.637 20.6 14.821 20.2693 15.6316 19.608C16.4423 18.9253 16.8476 17.9653 16.8476 16.728C16.8476 15.4693 16.4423 14.5093 15.6316 13.848C14.821 13.1653 13.637 12.824 12.0796 12.824H7.85563V20.6H12.0796ZM46.3406 8.6V31H41.1566V21.816H30.9806V31H25.7966V8.6H30.9806V17.432H41.1566V8.6H46.3406ZM62.4884 31.384C60.163 31.384 58.0617 30.8827 56.1844 29.88C54.3284 28.8773 52.867 27.5013 51.8004 25.752C50.755 23.9813 50.2324 21.9973 50.2324 19.8C50.2324 17.6027 50.755 15.6293 51.8004 13.88C52.867 12.1093 54.3284 10.7227 56.1844 9.72C58.0617 8.71733 60.163 8.216 62.4884 8.216C64.8137 8.216 66.9044 8.71733 68.7604 9.72C70.6164 10.7227 72.0777 12.1093 73.1444 13.88C74.211 15.6293 74.7444 17.6027 74.7444 19.8C74.7444 21.9973 74.211 23.9813 73.1444 25.752C72.0777 27.5013 70.6164 28.8773 68.7604 29.88C66.9044 30.8827 64.8137 31.384 62.4884 31.384ZM62.4884 26.968C63.811 26.968 65.0057 26.6693 66.0724 26.072C67.139 25.4533 67.971 24.6 68.5684 23.512C69.187 22.424 69.4964 21.1867 69.4964 19.8C69.4964 18.4133 69.187 17.176 68.5684 16.088C67.971 15 67.139 14.1573 66.0724 13.56C65.0057 12.9413 63.811 12.632 62.4884 12.632C61.1657 12.632 59.971 12.9413 58.9044 13.56C57.8377 14.1573 56.995 15 56.3764 16.088C55.779 17.176 55.4804 18.4133 55.4804 19.8C55.4804 21.1867 55.779 22.424 56.3764 23.512C56.995 24.6 57.8377 25.4533 58.9044 26.072C59.971 26.6693 61.1657 26.968 62.4884 26.968ZM102.864 33.4C102.139 34.296 101.254 34.9787 100.208 35.448C99.1844 35.9173 98.0537 36.152 96.8164 36.152C95.1524 36.152 93.6484 35.7893 92.3044 35.064C90.9604 34.36 89.4244 33.1013 87.6964 31.288C85.6697 31.032 83.8564 30.3813 82.2564 29.336C80.6777 28.2907 79.4404 26.9467 78.5444 25.304C77.6697 23.64 77.2324 21.8053 77.2324 19.8C77.2324 17.6027 77.755 15.6293 78.8004 13.88C79.867 12.1093 81.3284 10.7227 83.1844 9.72C85.0617 8.71733 87.163 8.216 89.4884 8.216C91.8137 8.216 93.9044 8.71733 95.7604 9.72C97.6164 10.7227 99.0777 12.1093 100.144 13.88C101.211 15.6293 101.744 17.6027 101.744 19.8C101.744 22.4027 101.008 24.6853 99.5364 26.648C98.0857 28.6107 96.155 29.976 93.7444 30.744C94.2777 31.2987 94.7897 31.6933 95.2804 31.928C95.7924 32.184 96.3364 32.312 96.9124 32.312C98.299 32.312 99.515 31.7573 100.56 30.648L102.864 33.4ZM82.4804 19.8C82.4804 21.1867 82.779 22.424 83.3764 23.512C83.995 24.6 84.8377 25.4533 85.9044 26.072C86.971 26.6693 88.1657 26.968 89.4884 26.968C90.811 26.968 92.0057 26.6693 93.0724 26.072C94.139 25.4533 94.971 24.6 95.5684 23.512C96.187 22.424 96.4964 21.1867 96.4964 19.8C96.4964 18.4133 96.187 17.176 95.5684 16.088C94.971 15 94.139 14.1573 93.0724 13.56C92.0057 12.9413 90.811 12.632 89.4884 12.632C88.1657 12.632 86.971 12.9413 85.9044 13.56C84.8377 14.1573 83.995 15 83.3764 16.088C82.779 17.176 82.4804 18.4133 82.4804 19.8ZM122.984 26.84V31H105.64V8.6H122.568V12.76H110.792V17.624H121.192V21.656H110.792V26.84H122.984ZM141.381 31L137.061 24.76H136.805H132.293V31H127.109V8.6H136.805C138.789 8.6 140.506 8.93067 141.957 9.592C143.429 10.2533 144.56 11.192 145.349 12.408C146.138 13.624 146.533 15.064 146.533 16.728C146.533 18.392 146.128 19.832 145.317 21.048C144.528 22.2427 143.397 23.16 141.925 23.8L146.949 31H141.381ZM141.285 16.728C141.285 15.4693 140.88 14.5093 140.069 13.848C139.258 13.1653 138.074 12.824 136.517 12.824H132.293V20.632H136.517C138.074 20.632 139.258 20.2907 140.069 19.608C140.88 18.9253 141.285 17.9653 141.285 16.728Z"
          />
        </svg>
        <small
          class="label-0-2-14"
        >
          alpha
        </small>
      </div>
      <div
        class="wrp-0-2-58"
      >
        <ul
          class="list-0-2-59"
        >
          <li
            class="item-0-2-60"
          >
            <a
              class="link-0-2-61"
              href="/static/help"
            >
              Help and Feedback
            </a>
          </li>
          <li
            class="item-0-2-60"
          >
            <a
              class="link-0-2-61"
              href="/static/business"
            >
              Advertising preferences
            </a>
          </li>
          <li
            class="item-0-2-60"
          >
            <a
              class="link-0-2-61"
              href="/static/rules"
            >
              Terms of service
            </a>
          </li>
          <li
            class="item-0-2-60"
          >
            <a
              class="link-0-2-61"
              href="/static/politic"
            >
              Privacy statement
            </a>
          </li>
          <li
            class="item-0-2-60"
          >
            <a
              class="link-0-2-61"
              href="/static/faq"
            >
              FAQ
            </a>
          </li>
          <li
            class="item-0-2-60"
          >
            <a
              class="link-0-2-61"
              href="/static/safety"
            >
              Safety rules
            </a>
          </li>
          <li
            class="item-0-2-60"
          >
            <a
              class="link-0-2-61"
              href="/static/map"
            >
              Site map
            </a>
          </li>
        </ul>
        <div>
          <h3
            class="title-0-2-64"
          >
            Social networks:
          </h3>
          <ul
            class="list-0-2-62"
          >
            <li>
              <a
                class="link-0-2-65"
                href="https://www.facebook.com/phoqer.inc"
                rel="noopener noreferrer"
                target="_blank"
              >
                <svg
                  class="svg-0-2-67"
                  enable-background="new 0 0 24 24"
                  id="Bold"
                  viewBox="0 0 24 24"
                  xmlns="http://www.w3.org/2000/svg"
                >
                  <path
                    d="m15.997 3.985h2.191v-3.816c-.378-.052-1.678-.169-3.192-.169-3.159 0-5.323 1.987-5.323 5.639v3.361h-3.486v4.266h3.486v10.734h4.274v-10.733h3.345l.531-4.266h-3.877v-2.939c.001-1.233.333-2.077 2.051-2.077z"
                  />
                </svg>
              </a>
            </li>
            <li>
              <a
                class="link-0-2-65"
                href="https://www.instagram.com/phoqer/"
                rel="noopener noreferrer"
                target="_blank"
              >
                <svg
                  class="svg-0-2-67"
                  enable-background="new 0 0 24 24"
                  id="Bold"
                  viewBox="0 0 24 24"
                  xmlns="http://www.w3.org/2000/svg"
                >
                  <path
                    d="m12.004 5.838c-3.403 0-6.158 2.758-6.158 6.158 0 3.403 2.758 6.158 6.158 6.158 3.403 0 6.158-2.758 6.158-6.158 0-3.403-2.758-6.158-6.158-6.158zm0 10.155c-2.209 0-3.997-1.789-3.997-3.997s1.789-3.997 3.997-3.997 3.997 1.789 3.997 3.997c.001 2.208-1.788 3.997-3.997 3.997z"
                  />
                  <path
                    d="m16.948.076c-2.208-.103-7.677-.098-9.887 0-1.942.091-3.655.56-5.036 1.941-2.308 2.308-2.013 5.418-2.013 9.979 0 4.668-.26 7.706 2.013 9.979 2.317 2.316 5.472 2.013 9.979 2.013 4.624 0 6.22.003 7.855-.63 2.223-.863 3.901-2.85 4.065-6.419.104-2.209.098-7.677 0-9.887-.198-4.213-2.459-6.768-6.976-6.976zm3.495 20.372c-1.513 1.513-3.612 1.378-8.468 1.378-5 0-7.005.074-8.468-1.393-1.685-1.677-1.38-4.37-1.38-8.453 0-5.525-.567-9.504 4.978-9.788 1.274-.045 1.649-.06 4.856-.06l.045.03c5.329 0 9.51-.558 9.761 4.986.057 1.265.07 1.645.07 4.847-.001 4.942.093 6.959-1.394 8.453z"
                  />
                  <circle
                    cx="18.406"
                    cy="5.595"
                    r="1.439"
                  />
                </svg>
              </a>
            </li>
            <li>
              <a
                class="link-0-2-65"
                href="http://www.google.com/"
                rel="noopener noreferrer"
                target="_blank"
              >
                <svg
                  class="svg-0-2-67"
                  viewBox="0 -47 512.00004 512"
                  xmlns="http://www.w3.org/2000/svg"
                >
                  <path
                    d="m512 55.964844c-32.207031 1.484375-31.503906 1.363281-35.144531 1.667968l19.074219-54.472656s-59.539063 21.902344-74.632813 25.820313c-39.640625-35.628907-98.5625-37.203125-140.6875-11.3125-34.496094 21.207031-53.011719 57.625-46.835937 100.191406-67.136719-9.316406-123.703126-41.140625-168.363282-94.789063l-14.125-16.964843-10.554687 19.382812c-13.339844 24.492188-17.769531 52.496094-12.476563 78.851563 2.171875 10.8125 5.863282 21.125 10.976563 30.78125l-12.117188-4.695313-1.4375 20.246094c-1.457031 20.566406 5.390625 44.574219 18.320313 64.214844 3.640625 5.53125 8.328125 11.605469 14.269531 17.597656l-6.261719-.960937 7.640625 23.199218c10.042969 30.480469 30.902344 54.0625 57.972657 67.171875-27.035157 11.472657-48.875 18.792969-84.773438 30.601563l-32.84375 10.796875 30.335938 16.585937c11.566406 6.324219 52.4375 27.445313 92.820312 33.78125 89.765625 14.078125 190.832031 2.613282 258.871094-58.664062 57.308594-51.613282 76.113281-125.03125 72.207031-201.433594-.589844-11.566406 2.578125-22.605469 8.921875-31.078125 12.707031-16.964844 48.765625-66.40625 48.84375-66.519531zm-72.832031 48.550781c-10.535157 14.066406-15.8125 32.03125-14.867188 50.578125 3.941407 77.066406-17.027343 136.832031-62.328125 177.628906-52.917968 47.660156-138.273437 66.367188-234.171875 51.324219-17.367187-2.722656-35.316406-8.820313-50.171875-14.910156 30.097656-10.355469 53.339844-19.585938 90.875-37.351563l52.398438-24.800781-57.851563-3.703125c-27.710937-1.773438-50.785156-15.203125-64.96875-37.007812 7.53125-.4375 14.792969-1.65625 22.023438-3.671876l55.175781-15.367187-55.636719-13.625c-27.035156-6.621094-42.445312-22.796875-50.613281-35.203125-5.363281-8.152344-8.867188-16.503906-10.96875-24.203125 5.578125 1.496094 12.082031 2.5625 22.570312 3.601563l51.496094 5.09375-40.800781-31.828126c-29.398437-22.929687-41.179687-57.378906-32.542969-90.496093 91.75 95.164062 199.476563 88.011719 210.320313 90.527343-2.386719-23.183593-2.449219-23.238281-3.074219-25.445312-13.886719-49.089844 16.546875-74.015625 30.273438-82.453125 28.671874-17.621094 74.183593-20.277344 105.707031 8.753906 6.808593 6.265625 16.015625 8.730469 24.632812 6.589844 7.734375-1.921875 14.082031-3.957031 20.296875-6.171875l-12.9375 36.945312 16.515625.011719c-3.117187 4.179688-6.855469 9.183594-11.351562 15.183594zm0 0"
                  />
                </svg>
              </a>
            </li>
            <li>
              <a
                class="link-0-2-65"
                href="https://t.me/phoqer"
                rel="noopener noreferrer"
                target="_blank"
              >
                <svg
                  class="svg-0-2-67"
                  viewBox="0 -39 512.00011 512"
                  xmlns="http://www.w3.org/2000/svg"
                >
                  <path
                    d="m504.09375 11.859375c-6.253906-7.648437-15.621094-11.859375-26.378906-11.859375-5.847656 0-12.042969 1.230469-18.410156 3.664062l-433.398438 165.441407c-23 8.777343-26.097656 21.949219-25.8984375 29.019531s4.0390625 20.046875 27.4999995 27.511719c.140626.042969.28125.085937.421876.125l89.898437 25.726562 48.617187 139.023438c6.628907 18.953125 21.507813 30.726562 38.835938 30.726562 10.925781 0 21.671875-4.578125 31.078125-13.234375l55.605469-51.199218 80.652344 64.941406c.007812.007812.019531.011718.027343.019531l.765625.617187c.070313.054688.144532.113282.214844.167969 8.964844 6.953125 18.75 10.625 28.308594 10.628907h.003906c18.675781 0 33.546875-13.824219 37.878906-35.214844l71.011719-350.640625c2.851563-14.074219.460937-26.667969-6.734375-35.464844zm-356.191406 234.742187 173.441406-88.605468-107.996094 114.753906c-1.769531 1.878906-3.023437 4.179688-3.640625 6.683594l-20.824219 84.351562zm68.132812 139.332032c-.71875.660156-1.441406 1.25-2.164062 1.792968l19.320312-78.25 35.144532 28.300782zm265.390625-344.566406-71.011719 350.644531c-.683593 3.355469-2.867187 11.164062-8.480468 11.164062-2.773438 0-6.257813-1.511719-9.824219-4.257812l-91.390625-73.585938c-.011719-.011719-.027344-.023437-.042969-.03125l-54.378906-43.789062 156.175781-165.949219c5-5.3125 5.453125-13.449219 1.074219-19.285156-4.382813-5.835938-12.324219-7.671875-18.820313-4.351563l-256.867187 131.226563-91.121094-26.070313 433.265625-165.390625c3.660156-1.398437 6.214844-1.691406 7.710938-1.691406.917968 0 2.550781.109375 3.15625.855469.796875.972656 1.8125 4.289062.554687 10.511719zm0 0"
                  />
                </svg>
              </a>
            </li>
          </ul>
        </div>
      </div>
    </div>
  </footer>
</DocumentFragment>
`;
