// Jest Snapshot v1, https://goo.gl/fbAQLP

exports[`SingleOfferPage component default match snapshot 1`] = `<DocumentFragment />`;
