// Jest Snapshot v1, https://goo.gl/fbAQLP

exports[`LoginForm component matches snapshot 1`] = `
<DocumentFragment>
  <form
    action="#"
    method="post"
  >
    <h2
      class="title-0-2-1"
    >
      Welcome!
    </h2>
    <div
      class="wrp-0-2-2"
    >
      <div
        class="wrp-0-2-10"
      >
        <div
          class="inner-0-2-11"
        >
          <div
            class="icon-0-2-15 iconLeft-0-2-16"
          >
            <svg
              aria-hidden="true"
              class="svg-inline--fa fa-user-circle fa-w-16 "
              data-icon="user-circle"
              data-prefix="far"
              focusable="false"
              role="img"
              viewBox="0 0 496 512"
              xmlns="http://www.w3.org/2000/svg"
            >
              <path
                d="M248 104c-53 0-96 43-96 96s43 96 96 96 96-43 96-96-43-96-96-96zm0 144c-26.5 0-48-21.5-48-48s21.5-48 48-48 48 21.5 48 48-21.5 48-48 48zm0-240C111 8 0 119 0 256s111 248 248 248 248-111 248-248S385 8 248 8zm0 448c-49.7 0-95.1-18.3-130.1-48.4 14.9-23 40.4-38.6 69.6-39.5 20.8 6.4 40.6 9.6 60.5 9.6s39.7-3.1 60.5-9.6c29.2 1 54.7 16.5 69.6 39.5-35 30.1-80.4 48.4-130.1 48.4zm162.7-84.1c-24.4-31.4-62.1-51.9-105.1-51.9-10.2 0-26 9.6-57.6 9.6-31.5 0-47.4-9.6-57.6-9.6-42.9 0-80.6 20.5-105.1 51.9C61.9 339.2 48 299.2 48 256c0-110.3 89.7-200 200-200s200 89.7 200 200c0 43.2-13.9 83.2-37.3 115.9z"
                fill="currentColor"
              />
            </svg>
          </div>
          <input
            autocomplete="email"
            class="input-0-2-12 withIcon-0-2-18"
            name="username"
            placeholder=""
            type="email"
            value=""
          />
        </div>
      </div>
    </div>
    <div
      class="wrp-0-2-2"
    >
      <div
        class="wrp-0-2-10"
      >
        <div
          class="inner-0-2-11"
        >
          <div
            class="icon-0-2-15 iconLeft-0-2-16"
          >
            <svg
              aria-hidden="true"
              class="svg-inline--fa fa-key fa-w-16 "
              data-icon="key"
              data-prefix="fas"
              focusable="false"
              role="img"
              viewBox="0 0 512 512"
              xmlns="http://www.w3.org/2000/svg"
            >
              <path
                d="M512 176.001C512 273.203 433.202 352 336 352c-11.22 0-22.19-1.062-32.827-3.069l-24.012 27.014A23.999 23.999 0 0 1 261.223 384H224v40c0 13.255-10.745 24-24 24h-40v40c0 13.255-10.745 24-24 24H24c-13.255 0-24-10.745-24-24v-78.059c0-6.365 2.529-12.47 7.029-16.971l161.802-161.802C163.108 213.814 160 195.271 160 176 160 78.798 238.797.001 335.999 0 433.488-.001 512 78.511 512 176.001zM336 128c0 26.51 21.49 48 48 48s48-21.49 48-48-21.49-48-48-48-48 21.49-48 48z"
                fill="currentColor"
              />
            </svg>
          </div>
          <input
            autocomplete="current-password"
            class="input-0-2-12 withPassword-0-2-17 withIcon-0-2-18"
            name="password"
            placeholder=""
            type="password"
            value=""
          />
          <button
            class="icon-0-2-15"
            type="button"
          >
            <svg
              aria-hidden="true"
              class="svg-inline--fa fa-eye-slash fa-w-20 "
              data-icon="eye-slash"
              data-prefix="far"
              focusable="false"
              role="img"
              viewBox="0 0 640 512"
              xmlns="http://www.w3.org/2000/svg"
            >
              <path
                d="M634 471L36 3.51A16 16 0 0 0 13.51 6l-10 12.49A16 16 0 0 0 6 41l598 467.49a16 16 0 0 0 22.49-2.49l10-12.49A16 16 0 0 0 634 471zM296.79 146.47l134.79 105.38C429.36 191.91 380.48 144 320 144a112.26 112.26 0 0 0-23.21 2.47zm46.42 219.07L208.42 260.16C210.65 320.09 259.53 368 320 368a113 113 0 0 0 23.21-2.46zM320 112c98.65 0 189.09 55 237.93 144a285.53 285.53 0 0 1-44 60.2l37.74 29.5a333.7 333.7 0 0 0 52.9-75.11 32.35 32.35 0 0 0 0-29.19C550.29 135.59 442.93 64 320 64c-36.7 0-71.71 7-104.63 18.81l46.41 36.29c18.94-4.3 38.34-7.1 58.22-7.1zm0 288c-98.65 0-189.08-55-237.93-144a285.47 285.47 0 0 1 44.05-60.19l-37.74-29.5a333.6 333.6 0 0 0-52.89 75.1 32.35 32.35 0 0 0 0 29.19C89.72 376.41 197.08 448 320 448c36.7 0 71.71-7.05 104.63-18.81l-46.41-36.28C359.28 397.2 339.89 400 320 400z"
                fill="currentColor"
              />
            </svg>
          </button>
        </div>
      </div>
    </div>
    <a
      class="link-0-2-3"
      href="/auth/forgot-pass"
    >
      Forgot your password?
    </a>
    <a
      class="link-0-2-3"
      href="/auth/join"
    >
      Join Phoqer
    </a>
    <button
      class="btn-0-2-21 btn-0-2-4"
      type="submit"
    >
      <span>
        Login
      </span>
    </button>
    <p
      class="text-0-2-6"
    >
      or
      <br />
      login with
    </p>
    <div
      class="socials-0-2-8"
    >
      <ul
        class="list-0-2-23"
      >
        <li>
          <button
            class="socials-0-2-24 facebook-0-2-25"
            type="button"
          >
            <svg
              id="Layer_1"
              version="1.1"
              viewBox="0 0 512 512"
              x="0px"
              xml:space="preserve"
              xmlns="http://www.w3.org/2000/svg"
              xmlns:xlink="http://www.w3.org/1999/xlink"
              y="0px"
            >
              <path
                d="M134.941,272.691h56.123v231.051c0,4.562,3.696,8.258,8.258,8.258h95.159  c4.562,0,8.258-3.696,8.258-8.258V273.78h64.519c4.195,0,7.725-3.148,8.204-7.315l9.799-85.061c0.269-2.34-0.472-4.684-2.038-6.44  c-1.567-1.757-3.81-2.763-6.164-2.763h-74.316V118.88c0-16.073,8.654-24.224,25.726-24.224c2.433,0,48.59,0,48.59,0  c4.562,0,8.258-3.698,8.258-8.258V8.319c0-4.562-3.696-8.258-8.258-8.258h-66.965C309.622,0.038,308.573,0,307.027,0  c-11.619,0-52.006,2.281-83.909,31.63c-35.348,32.524-30.434,71.465-29.26,78.217v62.352h-58.918c-4.562,0-8.258,3.696-8.258,8.258  v83.975C126.683,268.993,130.379,272.691,134.941,272.691z"
                style="fill: #ffffff;"
              />
            </svg>
          </button>
        </li>
        <li>
          <button
            class="socials-0-2-24 google-0-2-26"
            type="button"
          >
            <svg
              enable-background="new 0 0 512 512"
              viewBox="0 0 512 512"
              xmlns="http://www.w3.org/2000/svg"
            >
              <g>
                <path
                  d="m120 256c0-25.367 6.989-49.13 19.131-69.477v-86.308h-86.308c-34.255 44.488-52.823 98.707-52.823 155.785s18.568 111.297 52.823 155.785h86.308v-86.308c-12.142-20.347-19.131-44.11-19.131-69.477z"
                  fill="#fbbd00"
                />
                <path
                  d="m256 392-60 60 60 60c57.079 0 111.297-18.568 155.785-52.823v-86.216h-86.216c-20.525 12.186-44.388 19.039-69.569 19.039z"
                  fill="#0f9d58"
                />
                <path
                  d="m139.131 325.477-86.308 86.308c6.782 8.808 14.167 17.243 22.158 25.235 48.352 48.351 112.639 74.98 181.019 74.98v-120c-49.624 0-93.117-26.72-116.869-66.523z"
                  fill="#31aa52"
                />
                <path
                  d="m512 256c0-15.575-1.41-31.179-4.192-46.377l-2.251-12.299h-249.557v120h121.452c-11.794 23.461-29.928 42.602-51.884 55.638l86.216 86.216c8.808-6.782 17.243-14.167 25.235-22.158 48.352-48.353 74.981-112.64 74.981-181.02z"
                  fill="#3c79e6"
                />
                <path
                  d="m352.167 159.833 10.606 10.606 84.853-84.852-10.606-10.606c-48.352-48.352-112.639-74.981-181.02-74.981l-60 60 60 60c36.326 0 70.479 14.146 96.167 39.833z"
                  fill="#cf2d48"
                />
                <path
                  d="m256 120v-120c-68.38 0-132.667 26.629-181.02 74.98-7.991 7.991-15.376 16.426-22.158 25.235l86.308 86.308c23.753-39.803 67.246-66.523 116.87-66.523z"
                  fill="#eb4132"
                />
              </g>
            </svg>
          </button>
        </li>
      </ul>
    </div>
  </form>
</DocumentFragment>
`;
